// Jest Snapshot v1, https://goo.gl/fbAQLP

exports[`shopping list store actions #recorddelay should prepare the object after 10 seconds 1`] = `"{\\"text\\":\\"Hello\\",\\"done\\":false,\\"uuid\\":23}"`;
